/usr/bin/dpkg-buildpackage -us -uc -Pmodules
dpkg-buildpackage: info: source package xpmem
dpkg-buildpackage: info: source version 2.7.4-1.2501060
dpkg-buildpackage: info: source distribution unstable
dpkg-buildpackage: info: source changed by Tzafrir Cohen <nvidia@cohens.org.il>
 dpkg-source --before-build .
dpkg-buildpackage: info: host architecture amd64
 debian/rules clean
dh clean --with autoreconf
   dh_clean
 dpkg-source -b .
dpkg-source: info: using source format '3.0 (quilt)'
dpkg-source: info: building xpmem using existing ./xpmem_2.7.4.orig.tar.gz
dpkg-source: warning: ignoring deletion of directory autom4te.cache
dpkg-source: warning: ignoring deletion of file autom4te.cache/traces.0, use --include-removal to override
dpkg-source: warning: ignoring deletion of file autom4te.cache/output.0, use --include-removal to override
dpkg-source: warning: ignoring deletion of file autom4te.cache/output.2, use --include-removal to override
dpkg-source: warning: ignoring deletion of file autom4te.cache/traces.2, use --include-removal to override
dpkg-source: warning: ignoring deletion of file autom4te.cache/requests, use --include-removal to override
dpkg-source: warning: ignoring deletion of file autom4te.cache/output.1, use --include-removal to override
dpkg-source: warning: ignoring deletion of file autom4te.cache/traces.1, use --include-removal to override
dpkg-source: info: building xpmem in xpmem_2.7.4-1.2501060.debian.tar.xz
dpkg-source: info: building xpmem in xpmem_2.7.4-1.2501060.dsc
 debian/rules build
dh build --with autoreconf
   dh_update_autotools_config
   dh_autoreconf
libtoolize: putting auxiliary files in '.'.
libtoolize: copying file './ltmain.sh'
libtoolize: putting macros in AC_CONFIG_MACRO_DIRS, 'm4'.
libtoolize: copying file 'm4/libtool.m4'
libtoolize: copying file 'm4/ltoptions.m4'
libtoolize: copying file 'm4/ltsugar.m4'
libtoolize: copying file 'm4/ltversion.m4'
libtoolize: copying file 'm4/lt~obsolete.m4'
configure.ac:13: installing './compile'
configure.ac:6: installing './missing'
lib/Makefile.am: installing './depcomp'
   debian/rules override_dh_auto_configure
make[1]: Entering directory '/var/tmp/xpmem/xpmem-2.7.4'
dh_auto_configure -- --with-kernelvers=5.15.0-1087-azure --with-kerneldir=/lib/modules/5.15.0-1087-azure/build
	./configure --build=x86_64-linux-gnu --prefix=/usr --includedir=\${prefix}/include --mandir=\${prefix}/share/man --infodir=\${prefix}/share/info --sysconfdir=/etc --localstatedir=/var --disable-option-checking --disable-silent-rules --libdir=\${prefix}/lib/x86_64-linux-gnu --libexecdir=\${prefix}/lib/x86_64-linux-gnu --disable-maintainer-mode --disable-dependency-tracking --with-kernelvers=5.15.0-1087-azure --with-kerneldir=/lib/modules/5.15.0-1087-azure/build
checking for a BSD-compatible install... /usr/bin/install -c
checking whether build environment is sane... yes
checking for a race-free mkdir -p... /usr/bin/mkdir -p
checking for gawk... no
checking for mawk... mawk
checking whether make sets $(MAKE)... yes
checking whether make supports nested variables... yes
checking whether make supports nested variables... (cached) yes
checking for gcc... gcc
checking whether the C compiler works... yes
checking for C compiler default output file name... a.out
checking for suffix of executables... 
checking whether we are cross compiling... no
checking for suffix of object files... o
checking whether the compiler supports GNU C... yes
checking whether gcc accepts -g... yes
checking for gcc option to enable C11 features... none needed
checking whether gcc understands -c and -o together... yes
checking whether make supports the include directive... yes (GNU style)
checking dependency style of gcc... none
checking for g++... g++
checking whether the compiler supports GNU C++... yes
checking whether g++ accepts -g... yes
checking for g++ option to enable C++11 features... none needed
checking dependency style of g++... none
checking for ar... ar
checking the archiver (ar) interface... ar
checking build system type... x86_64-pc-linux-gnu
checking host system type... x86_64-pc-linux-gnu
checking how to print strings... printf
checking for a sed that does not truncate output... /usr/bin/sed
checking for grep that handles long lines and -e... /usr/bin/grep
checking for egrep... /usr/bin/grep -E
checking for fgrep... /usr/bin/grep -F
checking for ld used by gcc... /usr/bin/ld
checking if the linker (/usr/bin/ld) is GNU ld... yes
checking for BSD- or MS-compatible name lister (nm)... /usr/bin/nm -B
checking the name lister (/usr/bin/nm -B) interface... BSD nm
checking whether ln -s works... yes
checking the maximum length of command line arguments... 1572864
checking how to convert x86_64-pc-linux-gnu file names to x86_64-pc-linux-gnu format... func_convert_file_noop
checking how to convert x86_64-pc-linux-gnu file names to toolchain format... func_convert_file_noop
checking for /usr/bin/ld option to reload object files... -r
checking for objdump... objdump
checking how to recognize dependent libraries... pass_all
checking for dlltool... no
checking how to associate runtime and link libraries... printf %s\n
checking for archiver @FILE support... @
checking for strip... strip
checking for ranlib... ranlib
checking command to parse /usr/bin/nm -B output from gcc object... ok
checking for sysroot... no
checking for a working dd... /usr/bin/dd
checking how to truncate binary pipes... /usr/bin/dd bs=4096 count=1
checking for mt... no
checking if : is a manifest tool... no
checking for stdio.h... yes
checking for stdlib.h... yes
checking for string.h... yes
checking for inttypes.h... yes
checking for stdint.h... yes
checking for strings.h... yes
checking for sys/stat.h... yes
checking for sys/types.h... yes
checking for unistd.h... yes
checking for sys/param.h... yes
checking for dlfcn.h... yes
checking for objdir... .libs
checking if gcc supports -fno-rtti -fno-exceptions... no
checking for gcc option to produce PIC... -fPIC -DPIC
checking if gcc PIC flag -fPIC -DPIC works... yes
checking if gcc static flag -static works... yes
checking if gcc supports -c -o file.o... yes
checking if gcc supports -c -o file.o... (cached) yes
checking whether the gcc linker (/usr/bin/ld -m elf_x86_64) supports shared libraries... yes
checking whether -lc should be explicitly linked in... no
checking dynamic linker characteristics... GNU/Linux ld.so
checking how to hardcode library paths into programs... immediate
checking whether stripping libraries is possible... yes
checking if libtool supports shared libraries... yes
checking whether to build shared libraries... yes
checking whether to build static libraries... yes
checking how to run the C++ preprocessor... g++ -E
checking for ld used by g++... /usr/bin/ld -m elf_x86_64
checking if the linker (/usr/bin/ld -m elf_x86_64) is GNU ld... yes
checking whether the g++ linker (/usr/bin/ld -m elf_x86_64) supports shared libraries... yes
checking for g++ option to produce PIC... -fPIC -DPIC
checking if g++ PIC flag -fPIC -DPIC works... yes
checking if g++ static flag -static works... yes
checking if g++ supports -c -o file.o... yes
checking if g++ supports -c -o file.o... (cached) yes
checking whether the g++ linker (/usr/bin/ld -m elf_x86_64) supports shared libraries... yes
checking dynamic linker characteristics... (cached) GNU/Linux ld.so
checking how to hardcode library paths into programs... immediate
checking whether ln -s works... yes
checking for an ANSI C-conforming const... yes
checking how to run the C preprocessor... gcc -E
checking for uid_t in sys/types.h... yes
checking for inline... inline
checking for off_t... yes
checking for pid_t... yes
checking for size_t... yes
checking for working volatile... yes
checking C++14 support... yes
checking whether gcc needs -traditional... no
checking for getpagesize... yes
checking for working mmap... yes
checking for getpagesize... (cached) yes
checking for memset... yes
checking for using Google C++ Testing Framework... no
checking for gcc options needed to detect all undeclared functions... none needed
checking for mktemp... yes
checking for Linux kernel sources... /lib/modules/5.15.0-1087-azure/build/
checking for kernel checks include path... /lib/modules/5.15.0-1087-azure/build/
checking kernel release... 5.15.0-1087-azure
checking whether kmalloc is declared... yes
checking for struct task_struct.cpus_mask... yes
checking whether pde_data is declared... no
checking whether PDE_DATA is declared... yes
checking whether pmd_leaf is declared... yes
checking whether pud_leaf is declared... yes
checking whether pte_offset_map is declared... yes
checking whether vma_iter_init is declared... no
checking latest apply_to_page_range support... yes
checking whether vm_flags_set is declared... no
checking get_user_pages_remote version... 5.9
checking that generated files are newer than configure... done
configure: creating ./config.status
config.status: creating Makefile
config.status: creating cray-xpmem.pc
config.status: creating dkms.conf
config.status: creating module
config.status: creating include/Makefile
config.status: creating kernel/Kbuild
config.status: creating kernel/Makefile
config.status: creating kernel/xpmem
config.status: creating lib/Makefile
config.status: creating test/Makefile
config.status: creating test/share/Makefile
config.status: creating test/gtest/Makefile
config.status: creating test/gtest/common/googletest/Makefile
config.status: creating config.h
config.status: executing depfiles commands
config.status: executing libtool commands
make[1]: Leaving directory '/var/tmp/xpmem/xpmem-2.7.4'
   debian/rules override_dh_auto_build
make[1]: Entering directory '/var/tmp/xpmem/xpmem-2.7.4'
cd kernel && make
make[2]: Entering directory '/var/tmp/xpmem/xpmem-2.7.4/kernel'
make -C /lib/modules/5.15.0-1087-azure/build/ M=/var/tmp/xpmem/xpmem-2.7.4/kernel
make[3]: Entering directory '/usr/src/linux-headers-5.15.0-1087-azure'
warning: the compiler differs from the one used to build the kernel
  The kernel was built by: gcc (Ubuntu 11.4.0-1ubuntu1~22.04) 11.4.0
  You are using:           gcc (Ubuntu 12.3.0-1ubuntu1~22.04) 12.3.0
  CC [M]  /var/tmp/xpmem/xpmem-2.7.4/kernel/xpmem_main.o
  CC [M]  /var/tmp/xpmem/xpmem-2.7.4/kernel/xpmem_make.o
  CC [M]  /var/tmp/xpmem/xpmem-2.7.4/kernel/xpmem_get.o
  CC [M]  /var/tmp/xpmem/xpmem-2.7.4/kernel/xpmem_attach.o
  CC [M]  /var/tmp/xpmem/xpmem-2.7.4/kernel/xpmem_pfn.o
  CC [M]  /var/tmp/xpmem/xpmem-2.7.4/kernel/xpmem_misc.o
  CC [M]  /var/tmp/xpmem/xpmem-2.7.4/kernel/xpmem_mmu_notifier.o
  LD [M]  /var/tmp/xpmem/xpmem-2.7.4/kernel/xpmem.o
  MODPOST /var/tmp/xpmem/xpmem-2.7.4/kernel/Module.symvers
  CC [M]  /var/tmp/xpmem/xpmem-2.7.4/kernel/xpmem.mod.o
  LD [M]  /var/tmp/xpmem/xpmem-2.7.4/kernel/xpmem.ko
  BTF [M] /var/tmp/xpmem/xpmem-2.7.4/kernel/xpmem.ko
Skipping BTF generation for /var/tmp/xpmem/xpmem-2.7.4/kernel/xpmem.ko due to unavailability of vmlinux
make[3]: Leaving directory '/usr/src/linux-headers-5.15.0-1087-azure'
make[2]: Leaving directory '/var/tmp/xpmem/xpmem-2.7.4/kernel'
cp 56-xpmem.rules debian/xpmem.udev
make[1]: Leaving directory '/var/tmp/xpmem/xpmem-2.7.4'
   create-stamp debian/debhelper-build-stamp
 debian/rules binary
dh binary --with autoreconf
   dh_testroot
   dh_prep
   debian/rules override_dh_auto_install
make[1]: Entering directory '/var/tmp/xpmem/xpmem-2.7.4'
cd kernel && make install DESTDIR=/var/tmp/xpmem/xpmem-2.7.4/debian/tmp
make[2]: Entering directory '/var/tmp/xpmem/xpmem-2.7.4/kernel'
make -C /lib/modules/5.15.0-1087-azure/build/ M=/var/tmp/xpmem/xpmem-2.7.4/kernel
make[3]: Entering directory '/usr/src/linux-headers-5.15.0-1087-azure'
warning: the compiler differs from the one used to build the kernel
  The kernel was built by: gcc (Ubuntu 11.4.0-1ubuntu1~22.04) 11.4.0
  You are using:           gcc (Ubuntu 12.3.0-1ubuntu1~22.04) 12.3.0
make[3]: Leaving directory '/usr/src/linux-headers-5.15.0-1087-azure'
make[3]: Entering directory '/var/tmp/xpmem/xpmem-2.7.4/kernel'
make[3]: Nothing to be done for 'install-exec-am'.
 /usr/bin/mkdir -p '/var/tmp/xpmem/xpmem-2.7.4/debian/tmp/etc/init.d'
 /usr/bin/install -c xpmem '/var/tmp/xpmem/xpmem-2.7.4/debian/tmp/etc/init.d'
make -C /lib/modules/5.15.0-1087-azure/build/ M=/var/tmp/xpmem/xpmem-2.7.4/kernel
make[4]: Entering directory '/usr/src/linux-headers-5.15.0-1087-azure'
warning: the compiler differs from the one used to build the kernel
  The kernel was built by: gcc (Ubuntu 11.4.0-1ubuntu1~22.04) 11.4.0
  You are using:           gcc (Ubuntu 12.3.0-1ubuntu1~22.04) 12.3.0
make[4]: Leaving directory '/usr/src/linux-headers-5.15.0-1087-azure'
 /usr/bin/mkdir -p '/var/tmp/xpmem/xpmem-2.7.4/debian/tmp/usr/lib/modules/5.15.0-1087-azure/kernel/xpmem'
 /usr/bin/install -c -m 644 xpmem.ko '/var/tmp/xpmem/xpmem-2.7.4/debian/tmp/usr/lib/modules/5.15.0-1087-azure/kernel/xpmem'
make[3]: Leaving directory '/var/tmp/xpmem/xpmem-2.7.4/kernel'
make[2]: Leaving directory '/var/tmp/xpmem/xpmem-2.7.4/kernel'
renamed 'debian/tmp/usr/lib/modules' -> 'debian/tmp/lib/modules'
make[1]: Leaving directory '/var/tmp/xpmem/xpmem-2.7.4'
   dh_install
   dh_installdocs
   dh_installchangelogs
   dh_installmodules
   dh_installudev
   dh_perl
   dh_link
   dh_strip_nondeterminism
   dh_compress
   dh_fixperms
   dh_missing
   dh_strip
   dh_makeshlibs
   dh_shlibdeps
   dh_installdeb
   debian/rules override_dh_gencontrol
make[1]: Entering directory '/var/tmp/xpmem/xpmem-2.7.4'
dh_gencontrol -- -v2.7.4-1.2501060.kver.5.15.0-1087-azure
dpkg-gencontrol: warning: Depends field of package xpmem-modules: substitution variable ${shlib:Depends} used, but is not defined
sed -i -e "s|@KERNEL_DIR@|/lib/modules/5.15.0-1087-azure|" debian/xpmem-modules/DEBIAN/control
make[1]: Leaving directory '/var/tmp/xpmem/xpmem-2.7.4'
   dh_md5sums
   dh_builddeb
dpkg-deb: building package 'xpmem' in '../xpmem_2.7.4-1.2501060.kver.5.15.0-1087-azure_all.deb'.
dpkg-deb: building package 'xpmem-modules' in '../xpmem-modules_2.7.4-1.2501060.kver.5.15.0-1087-azure_amd64.deb'.
 dpkg-genbuildinfo -O../xpmem_2.7.4-1.2501060_amd64.buildinfo
 dpkg-genchanges -O../xpmem_2.7.4-1.2501060_amd64.changes
dpkg-genchanges: info: including full source code in upload
 dpkg-source --after-build .
dpkg-buildpackage: info: full upload (original source is included)
